
Solucomp@DESKTOP-0VRRUGU MINGW64 /d/UTE/SEGUNDO SEMESTRE/Progra 2 (master)
$ pwd
/d/UTE/SEGUNDO SEMESTRE/Progra 2

Solucomp@DESKTOP-0VRRUGU MINGW64 /d/UTE/SEGUNDO SEMESTRE/Progra 2 (master)
$ git config --global user.email "melanie.lara2108@gmail.com"

Solucomp@DESKTOP-0VRRUGU MINGW64 /d/UTE/SEGUNDO SEMESTRE/Progra 2 (master)
$ git config --global user.name "Melanie Lara"

Solucomp@DESKTOP-0VRRUGU MINGW64 /d/UTE/SEGUNDO SEMESTRE/Progra 2 (master)
$ cd Code
bash: cd: Code: No such file or directory

Solucomp@DESKTOP-0VRRUGU MINGW64 /d/UTE/SEGUNDO SEMESTRE/Progra 2 (master)
$ pwd
/d/UTE/SEGUNDO SEMESTRE/Progra 2

Solucomp@DESKTOP-0VRRUGU MINGW64 /d/UTE/SEGUNDO SEMESTRE/Progra 2 (master)
$ cd Documentos/
bash: cd: Documentos/: No such file or directory

Solucomp@DESKTOP-0VRRUGU MINGW64 /d/UTE/SEGUNDO SEMESTRE/Progra 2 (master)
$ mkdir mi-¨proyecto1

Solucomp@DESKTOP-0VRRUGU MINGW64 /d/UTE/SEGUNDO SEMESTRE/Progra 2 (master)
$ cd mi-¨proyecto1

Solucomp@DESKTOP-0VRRUGU MINGW64 /d/UTE/SEGUNDO SEMESTRE/Progra 2/mi-¨proyecto1 (master)
$ pwd
/d/UTE/SEGUNDO SEMESTRE/Progra 2/mi-¨proyecto1

Solucomp@DESKTOP-0VRRUGU MINGW64 /d/UTE/SEGUNDO SEMESTRE/Progra 2/mi-¨proyecto1 (master)
$ git init
Initialized empty Git repository in D:/UTE/SEGUNDO SEMESTRE/Progra 2/mi-¨proyecto1/.git/

Solucomp@DESKTOP-0VRRUGU MINGW64 /d/UTE/SEGUNDO SEMESTRE/Progra 2/mi-¨proyecto1 (master)
$ ls -la
total 0
drwxr-xr-x 1 Solucomp 197121 0 Jul  2 22:20 ./
drwxr-xr-x 1 Solucomp 197121 0 Jul  2 22:18 ../
drwxr-xr-x 1 Solucomp 197121 0 Jul  2 22:20 .git/

Solucomp@DESKTOP-0VRRUGU MINGW64 /d/UTE/SEGUNDO SEMESTRE/Progra 2/mi-¨proyecto1 (master)
$ ls -la .git
total 7
drwxr-xr-x 1 Solucomp 197121   0 Jul  2 22:20 ./
drwxr-xr-x 1 Solucomp 197121   0 Jul  2 22:20 ../
-rw-r--r-- 1 Solucomp 197121  23 Jul  2 22:20 HEAD
-rw-r--r-- 1 Solucomp 197121 130 Jul  2 22:20 config
-rw-r--r-- 1 Solucomp 197121  73 Jul  2 22:20 description
drwxr-xr-x 1 Solucomp 197121   0 Jul  2 22:20 hooks/
drwxr-xr-x 1 Solucomp 197121   0 Jul  2 22:20 info/
drwxr-xr-x 1 Solucomp 197121   0 Jul  2 22:20 objects/
drwxr-xr-x 1 Solucomp 197121   0 Jul  2 22:20 refs/

Solucomp@DESKTOP-0VRRUGU MINGW64 /d/UTE/SEGUNDO SEMESTRE/Progra 2/mi-¨proyecto1 (master)
$ cat .git
cat: .git: Is a directory

Solucomp@DESKTOP-0VRRUGU MINGW64 /d/UTE/SEGUNDO SEMESTRE/Progra 2/mi-¨proyecto1 (master)
$ git status
On branch master

No commits yet

nothing to commit (create/copy files and use "git add" to track)

Solucomp@DESKTOP-0VRRUGU MINGW64 /d/UTE/SEGUNDO SEMESTRE/Progra 2/mi-¨proyecto1 (master)
$ git status
On branch master

No commits yet

Untracked files:
  (use "git add <file>..." to include in what will be committed)
        Saludo.psc

nothing added to commit but untracked files present (use "git add" to track)

Solucomp@DESKTOP-0VRRUGU MINGW64 /d/UTE/SEGUNDO SEMESTRE/Progra 2/mi-¨proyecto1 (master)
$ git commit -m "Inicializado el proyecto de PSeint"
On branch master

Initial commit

Untracked files:
  (use "git add <file>..." to include in what will be committed)
        Saludo.psc

nothing added to commit but untracked files present (use "git add" to track)

Solucomp@DESKTOP-0VRRUGU MINGW64 /d/UTE/SEGUNDO SEMESTRE/Progra 2/mi-¨proyecto1 (master)
$ git add saludo.psc

Solucomp@DESKTOP-0VRRUGU MINGW64 /d/UTE/SEGUNDO SEMESTRE/Progra 2/mi-¨proyecto1 (master)
$ git status
On branch master

No commits yet

Untracked files:
  (use "git add <file>..." to include in what will be committed)
        Saludo.psc

nothing added to commit but untracked files present (use "git add" to track)

Solucomp@DESKTOP-0VRRUGU MINGW64 /d/UTE/SEGUNDO SEMESTRE/Progra 2/mi-¨proyecto1 (master)
$ git add saludo
fatal: pathspec 'saludo' did not match any files

Solucomp@DESKTOP-0VRRUGU MINGW64 /d/UTE/SEGUNDO SEMESTRE/Progra 2/mi-¨proyecto1 (master)
$ git add Saludo.psc

Solucomp@DESKTOP-0VRRUGU MINGW64 /d/UTE/SEGUNDO SEMESTRE/Progra 2/mi-¨proyecto1 (master)
$ git status
On branch master

No commits yet

Changes to be committed:
  (use "git rm --cached <file>..." to unstage)
        new file:   Saludo.psc


Solucomp@DESKTOP-0VRRUGU MINGW64 /d/UTE/SEGUNDO SEMESTRE/Progra 2/mi-¨proyecto1 (master)
$ git commit -m "Inicializado el proyecto de PSeint"
[master (root-commit) 381f5fa] Inicializado el proyecto de PSeint
 1 file changed, 5 insertions(+)
 create mode 100644 Saludo.psc

Solucomp@DESKTOP-0VRRUGU MINGW64 /d/UTE/SEGUNDO SEMESTRE/Progra 2/mi-¨proyecto1 (master)
$ git commit -m "Primera funcionalidad del saludo"
On branch master
nothing to commit, working tree clean

Solucomp@DESKTOP-0VRRUGU MINGW64 /d/UTE/SEGUNDO SEMESTRE/Progra 2/mi-¨proyecto1 (master)
$ git status
On branch master
nothing to commit, working tree clean

Solucomp@DESKTOP-0VRRUGU MINGW64 /d/UTE/SEGUNDO SEMESTRE/Progra 2/mi-¨proyecto1 (master)
$ git log
commit 381f5facd0c94227f41ba238549bfe8dd02c0550 (HEAD -> master)
Author: Melanie Lara <melanie.lara2108@gmail.com>
Date:   Tue Jul 2 22:36:52 2024 -0500

    Inicializado el proyecto de PSeint

Solucomp@DESKTOP-0VRRUGU MINGW64 /d/UTE/SEGUNDO SEMESTRE/Progra 2/mi-¨proyecto1 (master)
$ git add Saludo.psc

Solucomp@DESKTOP-0VRRUGU MINGW64 /d/UTE/SEGUNDO SEMESTRE/Progra 2/mi-¨proyecto1 (master)
$ git commit -m "Primera funcionalidad del saludo"
On branch master
nothing to commit, working tree clean

Solucomp@DESKTOP-0VRRUGU MINGW64 /d/UTE/SEGUNDO SEMESTRE/Progra 2/mi-¨proyecto1 (master)
$ git status
On branch master
nothing to commit, working tree clean

Solucomp@DESKTOP-0VRRUGU MINGW64 /d/UTE/SEGUNDO SEMESTRE/Progra 2/mi-¨proyecto1 (master)
$ git log
commit 381f5facd0c94227f41ba238549bfe8dd02c0550 (HEAD -> master)
Author: Melanie Lara <melanie.lara2108@gmail.com>
Date:   Tue Jul 2 22:36:52 2024 -0500

    Inicializado el proyecto de PSeint

Solucomp@DESKTOP-0VRRUGU MINGW64 /d/UTE/SEGUNDO SEMESTRE/Progra 2/mi-¨proyecto1 (master)
$ git status
On branch master
nothing to commit, working tree clean

Solucomp@DESKTOP-0VRRUGU MINGW64 /d/UTE/SEGUNDO SEMESTRE/Progra 2/mi-¨proyecto1 (master)
$ git diff

Solucomp@DESKTOP-0VRRUGU MINGW64 /d/UTE/SEGUNDO SEMESTRE/Progra 2/mi-¨proyecto1 (master)
$ git status
On branch master
nothing to commit, working tree clean

Solucomp@DESKTOP-0VRRUGU MINGW64 /d/UTE/SEGUNDO SEMESTRE/Progra 2/mi-¨proyecto1 (master)
$ git status
On branch master
nothing to commit, working tree clean

Solucomp@DESKTOP-0VRRUGU MINGW64 /d/UTE/SEGUNDO SEMESTRE/Progra 2/mi-¨proyecto1 (master)
$ git status
On branch master
nothing to commit, working tree clean

Solucomp@DESKTOP-0VRRUGU MINGW64 /d/UTE/SEGUNDO SEMESTRE/Progra 2/mi-¨proyecto1 (master)
$ git add Saludo.psc

Solucomp@DESKTOP-0VRRUGU MINGW64 /d/UTE/SEGUNDO SEMESTRE/Progra 2/mi-¨proyecto1 (master)
$ git commit -m "Primera funcionalidad del saludo"
On branch master
nothing to commit, working tree clean

Solucomp@DESKTOP-0VRRUGU MINGW64 /d/UTE/SEGUNDO SEMESTRE/Progra 2/mi-¨proyecto1 (master)
$ git status
On branch master
nothing to commit, working tree clean

Solucomp@DESKTOP-0VRRUGU MINGW64 /d/UTE/SEGUNDO SEMESTRE/Progra 2/mi-¨proyecto1 (master)
$ git diff

Solucomp@DESKTOP-0VRRUGU MINGW64 /d/UTE/SEGUNDO SEMESTRE/Progra 2/mi-¨proyecto1 (master)
$ git log
commit 381f5facd0c94227f41ba238549bfe8dd02c0550 (HEAD -> master)
Author: Melanie Lara <melanie.lara2108@gmail.com>
Date:   Tue Jul 2 22:36:52 2024 -0500

    Inicializado el proyecto de PSeint

Solucomp@DESKTOP-0VRRUGU MINGW64 /d/UTE/SEGUNDO SEMESTRE/Progra 2/mi-¨proyecto1 (master)
$ git remoto agregar origen https://github.com/Meeels2108/mi--proyecto1.git
git: 'remoto' is not a git command. See 'git --help'.

The most similar command is
        remote

Solucomp@DESKTOP-0VRRUGU MINGW64 /d/UTE/SEGUNDO SEMESTRE/Progra 2/mi-¨proyecto1 (master)
$  git branch -M main

Solucomp@DESKTOP-0VRRUGU MINGW64 /d/UTE/SEGUNDO SEMESTRE/Progra 2/mi-¨proyecto1 (main)
$ git push -u origin main
fatal: 'origin' does not appear to be a git repository
fatal: Could not read from remote repository.

Please make sure you have the correct access rights
and the repository exists.

Solucomp@DESKTOP-0VRRUGU MINGW64 /d/UTE/SEGUNDO SEMESTRE/Progra 2/mi-¨proyecto1 (main)
$ git remoto agregar origen https://github.com/Meeels2108/mi--proyecto1.git
 git branch -M main
git push -u origin main
git: 'remoto' is not a git command. See 'git --help'.

The most similar command is
        remote
fatal: 'origin' does not appear to be a git repository
fatal: Could not read from remote repository.

Please make sure you have the correct access rights
and the repository exists.

Solucomp@DESKTOP-0VRRUGU MINGW64 /d/UTE/SEGUNDO SEMESTRE/Progra 2/mi-¨proyecto1 (main)
